Microchip MPLAB XC8 Compiler V2.40

Linker command line:

-W-3 \
  --edf=C:\Program Files\Microchip\xc8\v2.40\pic\dat\20220703182018_en.msgs \
  -cn -h+dist/default/production\LabD2_4.1.X.production.sym \
  --cmf=dist/default/production\LabD2_4.1.X.production.cmf -z -Q16F887 \
  -oC:\Users\schwe\AppData\Local\Temp\xcAs8tk.4 --defsym=__MPLAB_BUILD=1 \
  --fixupoverflow=error \
  -Mdist/default/production/LabD2_4.1.X.production.map \
  --md=C:\Users\schwe\AppData\Local\Temp\xcAs8tk.dat -E1 -ver=XC8 Compiler \
  --acfsm=1493 -ACODE=00h-07FFhx4 -ASTRCODE=00h-01FFFh -ASTRING=00h-0FFhx32 \
  -ACONST=00h-0FFhx32 -AENTRY=00h-0FFhx32 -ACOMMON=070h-07Fh \
  -ABANK0=020h-06Fh -ABANK1=0A0h-0EFh -ABANK2=0110h-016Fh \
  -ABANK3=0190h-01EFh -ARAM=020h-06Fh,0A0h-0EFh,0110h-016Fh,0190h-01EFh \
  -AABS1=020h-07Fh,0A0h-0EFh,0110h-016Fh,0190h-01EFh -ASFR0=00h-01Fh \
  -ASFR1=080h-09Fh -ASFR2=0100h-010Fh -ASFR3=0180h-018Fh \
  -ACONFIG=02007h-02008h -DCONFIG=2 -AIDLOC=02000h-02003h -DIDLOC=2 \
  -AEEDATA=00h-0FFh/02100h -peeprom_data=EEDATA -DEEDATA=2 -DCODE=2 \
  -DSTRCODE=2 -DSTRING=2 -DCONST=2 -DENTRY=2 \
  -preset_vec=00h,intentry,init,end_init -ppowerup=CODE -pcinit=CODE \
  -pfunctab=ENTRY -k C:\Users\schwe\AppData\Local\Temp\xcAs8tk.o \
  dist/default/production\LabD2_4.1.X.production.o 

Object code version is 3.11

Machine type is 16F887



                Name                               Link     Load   Length Selector   Space Scale
C:\Users\schwe\AppData\Local\Temp\xcAs8tk.o
                end_init                              0        0        3        0       0
                config                             2007     2007        2        0       4
                idloc                              2000     2000        4        0       5
dist/default/production\LabD2_4.1.X.production.o
                cinit                               7F3      7F3        D      FE6       0
                config                             2007     2007        2        0       4
                idloc                              2000     2000        4        0       5
                text24                              F5F      F5F       15     1EBE       0
                text23                              F8A      F8A       18     1F14       0
                text22                              F3E      F3E        D     1E7C       0
                text21                                A        A       2E       14       0
                text20                              F19      F19        9     1E32       0
                text19                               AA       AA       3E      154       0
                text18                              FA2      FA2       1A     1F44       0
                text17                                3        3        7        0       0
                text16                              16E      16E       4B      2DC       0
                text15                              FBC      FBC       20     1F78       0
                text14                              F74      F74       16     1EE8       0
                text13                               E8       E8       42      1D0       0
                text12                              F4B      F4B       14     1E96       0
                text11                              F22      F22        9     1E44       0
                text10                              F2B      F2B        9     1E56       0
                text9                               F34      F34        A     1E68       0
                text8                               2A7      2A7       89      54E       0
                text7                               21F      21F       88      43E       0
                text6                               1B9      1B9       66      372       0
                text5                                38       38       38       70       0
                text4                               FDC      FDC       24     1FB8       0
                text3                               12A      12A       44      254       0
                text2                                70       70       3A       E0       0
                text1                               330      330       DA      660       0
                maintext                            40A      40A      3E9      814       0
                cstackBANK0                          44       44       10       20       1
                cstackCOMMON                         70       70        E       70       1
                clrtext                             F11      F11        8     1E22       0
                bssBANK0                             20       20       24       20       1
                strings                             800      800       22     1000       0

TOTAL           Name                               Link     Load   Length     Space
        CLASS   CODE           
                end_init                              0        0        3         0
                cinit                               7F3      7F3        D         0
                text24                              F5F      F5F       15         0
                text23                              F8A      F8A       18         0
                text22                              F3E      F3E        D         0
                text21                                A        A       2E         0
                text20                              F19      F19        9         0
                text19                               AA       AA       3E         0
                text18                              FA2      FA2       1A         0
                text17                                3        3        7         0
                text16                              16E      16E       4B         0
                text15                              FBC      FBC       20         0
                text14                              F74      F74       16         0
                text13                               E8       E8       42         0
                text12                              F4B      F4B       14         0
                text11                              F22      F22        9         0
                text10                              F2B      F2B        9         0
                text9                               F34      F34        A         0
                text8                               2A7      2A7       89         0
                text7                               21F      21F       88         0
                text6                               1B9      1B9       66         0
                text5                                38       38       38         0
                text4                               FDC      FDC       24         0
                text3                               12A      12A       44         0
                text2                                70       70       3A         0
                text1                               330      330       DA         0
                maintext                            40A      40A      3E9         0
                clrtext                             F11      F11        8         0

        CLASS   STRCODE        

        CLASS   STRING         
                strings                             800      800       22         0

        CLASS   CONST          

        CLASS   ENTRY          

        CLASS   COMMON         
                cstackCOMMON                         70       70        E         1

        CLASS   BANK0          
                cstackBANK0                          44       44       10         1
                bssBANK0                             20       20       24         1

        CLASS   BANK1          

        CLASS   BANK2          

        CLASS   BANK3          

        CLASS   RAM            

        CLASS   ABS1           
                abs_s1                               7E       7E        2         1

        CLASS   SFR0           

        CLASS   SFR1           

        CLASS   SFR2           

        CLASS   SFR3           

        CLASS   CONFIG         
                config                             2007     2007        2         4

        CLASS   IDLOC          
                idloc                              2000     2000        4         5

        CLASS   EEDATA         

        CLASS   STACK          



SEGMENTS        Name                           Load    Length   Top    Selector   Space  Class     Delta

                reset_vec                      000000  00000A  00000A         0       0  CODE        2
                text21                         00000A  00002E  000038        14       0  CODE        2
                bssBANK0                       000020  000034  000054        20       1  BANK0       1
                cstackCOMMON                   000070  00000E  00007E        70       1  COMMON      1
                text5                          000038  000038  000070        70       0  CODE        2
                text2                          000070  00003A  0000AA        E0       0  CODE        2
                text19                         0000AA  00003E  0000E8       154       0  CODE        2
                text13                         0000E8  000042  00012A       1D0       0  CODE        2
                text3                          00012A  000044  00016E       254       0  CODE        2
                text16                         00016E  00004B  0001B9       2DC       0  CODE        2
                text6                          0001B9  000066  00021F       372       0  CODE        2
                text7                          00021F  000088  0002A7       43E       0  CODE        2
                text8                          0002A7  000089  000330       54E       0  CODE        2
                text1                          000330  0000DA  00040A       660       0  CODE        2
                maintext                       00040A  0003E9  0007F3       814       0  CODE        2
                cinit                          0007F3  00000D  000800       FE6       0  CODE        2
                strings                        000800  000022  000822      1000       0  STRING      2
                clrtext                        000F11  000008  000F19      1E22       0  CODE        2
                text20                         000F19  000009  000F22      1E32       0  CODE        2
                text11                         000F22  000009  000F2B      1E44       0  CODE        2
                text10                         000F2B  000009  000F34      1E56       0  CODE        2
                text9                          000F34  00000A  000F3E      1E68       0  CODE        2
                text22                         000F3E  00000D  000F4B      1E7C       0  CODE        2
                text12                         000F4B  000014  000F5F      1E96       0  CODE        2
                text24                         000F5F  000015  000F74      1EBE       0  CODE        2
                text14                         000F74  000016  000F8A      1EE8       0  CODE        2
                text23                         000F8A  000018  000FA2      1F14       0  CODE        2
                text18                         000FA2  00001A  000FBC      1F44       0  CODE        2
                text15                         000FBC  000020  000FDC      1F78       0  CODE        2
                text4                          000FDC  000024  001000      1FB8       0  CODE        2


UNUSED ADDRESS RANGES

        Name                Unused          Largest block    Delta
        BANK0            0054-006F             1C           1
        BANK1            00A0-00EF             50           1
        BANK2            0110-016F             60           1
        BANK3            0190-01EF             60           1
        CODE             0822-0F10            6EF           2
                         1000-1FFF            800
        CONST            0822-0F10            100           2
                         1000-1FFF            100
        EEDATA           2100-21FF            100           2
        ENTRY            0822-0F10            100           2
                         1000-1FFF            100
        RAM              0054-006F             1C           1
                         00A0-00EF             50
                         0110-016F             60
                         0190-01EF             60
        SFR0             0000-001F             20           1
        SFR1             0080-009F             20           1
        SFR2             0100-010F             10           1
        SFR3             0180-018F             10           1
        STRCODE          0822-0F10            6EF           2
                         1000-1FFF           1000
        STRING           0822-0F10            100           2
                         1000-1FFF            100

                                  Symbol Table

?_I2C_Master_Read                 cstackCOMMON 0070
?___lldiv                         cstackCOMMON 0070
?___lwdiv                         cstackCOMMON 0070
?___lwmod                         cstackCOMMON 0078
?_sprintf                         cstackBANK0  0044
Bcd_to_Dec@bcd                    cstackCOMMON 0077
Bcd_to_Dec@dec                    cstackCOMMON 0076
Dec_to_Bcd@bcd_number             cstackCOMMON 0071
Dec_to_Bcd@dec_number             cstackCOMMON 0070
I2C_Master_Init@c                 cstackBANK0  0044
I2C_Master_Read@a                 cstackCOMMON 0070
I2C_Master_Read@temp              cstackCOMMON 0074
I2C_Master_Write@d                cstackCOMMON 0072
Lcd_Cmd@a                         cstackCOMMON 0073
Lcd_Port@a                        cstackCOMMON 0070
Lcd_Set_Cursor@a                  cstackCOMMON 0075
Lcd_Set_Cursor@b                  cstackCOMMON 0074
Lcd_Set_Cursor@temp               cstackCOMMON 0076
Lcd_Write_Char@a                  cstackCOMMON 0072
Lcd_Write_String@a                cstackCOMMON 0073
Lcd_Write_String@i                cstackCOMMON 0078
Set_Date_RTC@day                  cstackCOMMON 0078
Set_Date_RTC@mon                  cstackCOMMON 0074
Set_Date_RTC@year                 cstackCOMMON 0075
Set_Time_RTC@hour                 cstackCOMMON 0078
Set_Time_RTC@min                  cstackCOMMON 0074
Set_Time_RTC@sec                  cstackCOMMON 0075
_ANSEL                            (abs)        0188
_ANSELH                           (abs)        0189
_Bcd_to_Dec                       text23       0F8A
_DAY                              bssBANK0     0024
_Dec_to_Bcd                       text12       0F4B
_GIE                              (abs)        005F
_HOR                              bssBANK0     0026
_I2C_Master_Init                  text5        0038
_I2C_Master_Read                  text21       000A
_I2C_Master_RepeatedStart         text20       0F19
_I2C_Master_Start                 text11       0F22
_I2C_Master_Stop                  text10       0F2B
_I2C_Master_Wait                  text22       0F3E
_I2C_Master_Write                 text9        0F34
_Lcd_Clear                        text17       0003
_Lcd_Cmd                          text18       0FA2
_Lcd_Init                         text16       016E
_Lcd_Port                         text19       00AA
_Lcd_Set_Cursor                   text15       0FBC
_Lcd_Write_Char                   text14       0F74
_Lcd_Write_String                 text13       00E8
_MIN                              bssBANK0     0028
_MON                              bssBANK0     0022
_OSCCON                           (abs)        008F
_PEIE                             (abs)        005E
_PORTA                            (abs)        0005
_PORTB                            (abs)        0006
_PORTBbits                        (abs)        0006
_PORTD                            (abs)        0008
_PORTDbits                        (abs)        0008
_PORTE                            (abs)        0009
_POT1                             bssBANK0     002C
_SEG                              bssBANK0     002A
_SSPADD                           (abs)        0093
_SSPBUF                           (abs)        0013
_SSPCON                           (abs)        0014
_SSPCON2                          (abs)        0091
_SSPCON2bits                      (abs)        0091
_SSPIE                            (abs)        0463
_SSPIF                            (abs)        0063
_SSPSTAT                          (abs)        0094
_Set_Date_RTC                     text8        02A7
_Set_Time_RTC                     text7        021F
_TRISA                            (abs)        0085
_TRISB                            (abs)        0086
_TRISC3                           (abs)        043B
_TRISC4                           (abs)        043C
_TRISCbits                        (abs)        0087
_TRISD                            (abs)        0088
_TRISE                            (abs)        0089
_YEAR                             bssBANK0     0020
__Habs1                           abs1         0000
__Hbank0                          bank0        0000
__Hbank1                          bank1        0000
__Hbank2                          bank2        0000
__Hbank3                          bank3        0000
__HbssBANK0                       bssBANK0     0000
__Hcinit                          cinit        0800
__Hclrtext                        clrtext      0000
__Hcode                           code         0000
__Hcommon                         common       0000
__Hconfig                         config       2009
__HcstackBANK0                    cstackBANK0  0000
__HcstackCOMMON                   cstackCOMMON 0000
__Heeprom_data                    eeprom_data  0000
__Hend_init                       end_init     0003
__Hfunctab                        functab      0000
__Hidloc                          idloc        2004
__Hinit                           init         0000
__Hintentry                       intentry     0000
__Hmaintext                       maintext     0000
__Hpowerup                        powerup      0000
__Hram                            ram          0000
__Hreset_vec                      reset_vec    0000
__Hsfr0                           sfr0         0000
__Hsfr1                           sfr1         0000
__Hsfr2                           sfr2         0000
__Hsfr3                           sfr3         0000
__Hspace_0                        (abs)        1000
__Hspace_1                        (abs)        007E
__Hspace_2                        (abs)        0000
__Hspace_3                        (abs)        0000
__Hspace_4                        (abs)        4010
__Hstack                          stack        0000
__Hstrings                        strings      0000
__Htext                           text         0000
__Labs1                           abs1         0000
__Lbank0                          bank0        0000
__Lbank1                          bank1        0000
__Lbank2                          bank2        0000
__Lbank3                          bank3        0000
__LbssBANK0                       bssBANK0     0000
__Lcinit                          cinit        07F3
__Lclrtext                        clrtext      0000
__Lcode                           code         0000
__Lcommon                         common       0000
__Lconfig                         config       0000
__LcstackBANK0                    cstackBANK0  0000
__LcstackCOMMON                   cstackCOMMON 0000
__Leeprom_data                    eeprom_data  0000
__Lend_init                       end_init     0000
__Lfunctab                        functab      0000
__Lidloc                          idloc        0000
__Linit                           init         0000
__Lintentry                       intentry     0000
__Lmaintext                       maintext     0000
__Lpowerup                        powerup      0000
__Lram                            ram          0000
__Lreset_vec                      reset_vec    0000
__Lsfr0                           sfr0         0000
__Lsfr1                           sfr1         0000
__Lsfr2                           sfr2         0000
__Lsfr3                           sfr3         0000
__Lspace_0                        (abs)        0000
__Lspace_1                        (abs)        0000
__Lspace_2                        (abs)        0000
__Lspace_3                        (abs)        0000
__Lspace_4                        (abs)        0000
__Lstack                          stack        0000
__Lstrings                        strings      0000
__Ltext                           text         0000
__S0                              (abs)        1000
__S1                              (abs)        007E
__S3                              (abs)        0000
___bmul                           text24       0F5F
___bmul@multiplicand              cstackCOMMON 0070
___bmul@multiplier                cstackCOMMON 0073
___bmul@product                   cstackCOMMON 0072
___int_sp                         stack        0000
___latbits                        (abs)        0002
___lldiv                          text6        01B9
___lldiv@counter                  cstackCOMMON 007D
___lldiv@dividend                 cstackCOMMON 0074
___lldiv@divisor                  cstackCOMMON 0070
___lldiv@quotient                 cstackCOMMON 0079
___lwdiv                          text3        012A
___lwdiv@counter                  cstackCOMMON 0077
___lwdiv@dividend                 cstackCOMMON 0072
___lwdiv@divisor                  cstackCOMMON 0070
___lwdiv@quotient                 cstackCOMMON 0075
___lwmod                          text2        0070
___lwmod@counter                  cstackCOMMON 007D
___lwmod@dividend                 cstackCOMMON 007A
___lwmod@divisor                  cstackCOMMON 0078
___sp                             stack        0000
___stackhi                        (abs)        0000
___stacklo                        (abs)        0000
__end_of_Bcd_to_Dec               text23       0FA2
__end_of_Dec_to_Bcd               text12       0F5F
__end_of_I2C_Master_Init          text5        0070
__end_of_I2C_Master_Read          text21       0038
__end_of_I2C_Master_RepeatedStart text20       0F22
__end_of_I2C_Master_Start         text11       0F2B
__end_of_I2C_Master_Stop          text10       0F34
__end_of_I2C_Master_Wait          text22       0F4B
__end_of_I2C_Master_Write         text9        0F3E
__end_of_Lcd_Clear                text17       000A
__end_of_Lcd_Cmd                  text18       0FBC
__end_of_Lcd_Init                 text16       01B9
__end_of_Lcd_Port                 text19       00E8
__end_of_Lcd_Set_Cursor           text15       0FDC
__end_of_Lcd_Write_Char           text14       0F8A
__end_of_Lcd_Write_String         text13       012A
__end_of_Set_Date_RTC             text8        0330
__end_of_Set_Time_RTC             text7        02A7
__end_of___bmul                   text24       0F74
__end_of___lldiv                  text6        021F
__end_of___lwdiv                  text3        016E
__end_of___lwmod                  text2        00AA
__end_of__initialization          cinit        07FC
__end_of__stringtab               strings      0810
__end_of_dpowers                  strings      081A
__end_of_main                     maintext     07F3
__end_of_setup                    text4        1000
__end_of_sprintf                  text1        040A
__initialization                  cinit        07F3
__pbssBANK0                       bssBANK0     0020
__pcstackBANK0                    cstackBANK0  0044
__pcstackCOMMON                   cstackCOMMON 0070
__pmaintext                       maintext     040A
__pstrings                        strings      0800
__ptext1                          text1        0330
__ptext10                         text10       0F2B
__ptext11                         text11       0F22
__ptext12                         text12       0F4B
__ptext13                         text13       00E8
__ptext14                         text14       0F74
__ptext15                         text15       0FBC
__ptext16                         text16       016E
__ptext17                         text17       0003
__ptext18                         text18       0FA2
__ptext19                         text19       00AA
__ptext2                          text2        0070
__ptext20                         text20       0F19
__ptext21                         text21       000A
__ptext22                         text22       0F3E
__ptext23                         text23       0F8A
__ptext24                         text24       0F5F
__ptext3                          text3        012A
__ptext4                          text4        0FDC
__ptext5                          text5        0038
__ptext6                          text6        01B9
__ptext7                          text7        021F
__ptext8                          text8        02A7
__ptext9                          text9        0F34
__stringbase                      strings      080F
__stringtab                       strings      0800
_cDAY                             bssBANK0     0038
_cHOR                             bssBANK0     003B
_cMIN                             bssBANK0     003E
_cMON                             bssBANK0     0035
_cPOT1                            bssBANK0     002E
_cSEG                             bssBANK0     0041
_cYEAR                            bssBANK0     0032
_dpowers                          strings      0810
_main                             maintext     040A
_setup                            text4        0FDC
_sprintf                          text1        0330
btemp                             (abs)        007E
clear_ram0                        clrtext      0F11
end_of_initialization             cinit        07FC
intlevel0                         functab      0000
intlevel1                         functab      0000
intlevel2                         functab      0000
intlevel3                         functab      0000
intlevel4                         functab      0000
intlevel5                         functab      0000
reset_vec                         reset_vec    0000
sprintf@ap                        cstackBANK0  004A
sprintf@c                         cstackBANK0  0050
sprintf@f                         cstackBANK0  0044
sprintf@flag                      cstackBANK0  004B
sprintf@prec                      cstackBANK0  004C
sprintf@sp                        cstackBANK0  004F
sprintf@val                       cstackBANK0  004D
start                             init         0000
start_initialization              cinit        07F3
wtemp0                            (abs)        007E


MODULE INFORMATION

Module		Function		Class		Link	Load	Size
C:\Program Files\Microchip\xc8\v2.40\pic\sources\c90\common\Umul8.c
		___bmul        		CODE           	0F5F	0000	21

C:\Program Files\Microchip\xc8\v2.40\pic\sources\c90\common\Umul8.c estimated size: 21

I2C.c
		_I2C_Master_Read		CODE           	000A	0000	46
		_I2C_Master_Wait		CODE           	0F3E	0000	13
		_I2C_Master_Init		CODE           	0038	0000	56
		_I2C_Master_Stop		CODE           	0F2B	0000	9
		_I2C_Master_RepeatedStart		CODE           	0F19	0000	9
		_I2C_Master_Write		CODE           	0F34	0000	10
		_I2C_Master_Start		CODE           	0F22	0000	9

I2C.c estimated size: 152

C:\Program Files\Microchip\xc8\v2.40\pic\sources\c90\common\__lldiv.c
		___lldiv       		CODE           	01B9	0000	102

C:\Program Files\Microchip\xc8\v2.40\pic\sources\c90\common\__lldiv.c estimated size: 102

Principal.c
		_Set_Date_RTC  		CODE           	02A7	0000	137
		_main          		CODE           	040A	0000	1001
		_setup         		CODE           	0FDC	0000	36
		_Bcd_to_Dec    		CODE           	0F8A	0000	24
		_Set_Time_RTC  		CODE           	021F	0000	136
		_Dec_to_Bcd    		CODE           	0F4B	0000	20

Principal.c estimated size: 1354

C:\Program Files\Microchip\xc8\v2.40\pic\sources\c90\common\doprnt.c
		_sprintf       		CODE           	0330	0000	218

C:\Program Files\Microchip\xc8\v2.40\pic\sources\c90\common\doprnt.c estimated size: 218

C:\Program Files\Microchip\xc8\v2.40\pic\sources\c90\common\lwmod.c
		___lwmod       		CODE           	0070	0000	58

C:\Program Files\Microchip\xc8\v2.40\pic\sources\c90\common\lwmod.c estimated size: 58

shared
		__stringtab    		STRING         	0800	0000	16
		_dpowers       		STRING         	0810	0000	10
		__initialization		CODE           	07F3	0000	9

shared estimated size: 35

C:\Program Files\Microchip\xc8\v2.40\pic\sources\c90\common\lwdiv.c
		___lwdiv       		CODE           	012A	0000	68

C:\Program Files\Microchip\xc8\v2.40\pic\sources\c90\common\lwdiv.c estimated size: 68

LCD.c
		_Lcd_Write_String		CODE           	00E8	0000	66
		_Lcd_Init      		CODE           	016E	0000	75
		_Lcd_Write_Char		CODE           	0F74	0000	22
		_Lcd_Cmd       		CODE           	0FA2	0000	26
		_Lcd_Set_Cursor		CODE           	0FBC	0000	32
		_Lcd_Clear     		CODE           	0003	0000	7
		_Lcd_Port      		CODE           	00AA	0000	62

LCD.c estimated size: 290

